<!DOCTYPE HTML><html>
   <head>
      <meta http-equiv="Content-Type" content="text/html; charset=UTF-8">
      <title>Unit Test Results: Summary</title>
      <link rel="stylesheet" type="text/css" title="Style" href="stylesheet.css">
   </head>
   <body onload="open('allclasses-frame.html','classListFrame')">
      <h1>Unit Test Results.</h1>
      <table width="100%">
         <tr>
            <td align="left"></td>
            <td align="right">Designed for use with <a href="https://www.junit.org/">JUnit</a> and <a href="https://ant.apache.org/">Ant</a>.</td>
         </tr>
      </table>
      <hr size="1">
      <h2>Summary</h2>
      <table class="details" border="0" cellpadding="5" cellspacing="2" width="95%">
         <tr valign="top">
            <th>Tests</th>
            <th>Failures</th>
            <th>Errors</th>
            <th>Skipped</th>
            <th>Success rate</th>
            <th>Time</th>
         </tr>
         <tr valign="top" class="Failure">
            <td><a title="Display all tests" href="all-tests.html">6</a></td>
            <td><a title="Display all failures" href="alltests-fails.html">1</a></td>
            <td><a title="Display all errors" href="alltests-errors.html">1</a></td>
            <td><a title="Display all skipped test" href="alltests-skipped.html">1</a></td>
            <td>66.67%</td>
            <td>0.150</td>
         </tr>
      </table>
      <table border="0" width="95%">
         <tr>
            <td style="text-align: justify;">
               Note: <em>failures</em> are anticipated and checked for with assertions while <em>errors</em> are unanticipated.
               </td>
         </tr>
      </table>
      <h2>Packages</h2>
      <table class="details" border="0" cellpadding="5" cellspacing="2" width="95%">
         <tr valign="top">
            <th width="80%">Name</th>
            <th>Tests</th>
            <th>Failures</th>
            <th>Errors</th>
            <th>Skipped</th>
            <th nowrap>Time(s)</th>
            <th nowrap>Time Stamp</th>
            <th>Host</th>
         </tr>
         <tr valign="top" class="Failure">
            <td><a href="./pkg/package-summary.html">pkg</a></td>
            <td>6</td>
            <td>1</td>
            <td>1</td>
            <td>1</td>
            <td>0.150</td>
            <td>2023-02-28T12:00:00Z</td>
            <td></td>
         </tr>
      </table>
   </body>
</html>