<!DOCTYPE html
  PUBLIC "-//W3C//DTD HTML 4.01 Transitional//EN">
<html>
   <head>
      <meta http-equiv="Content-Type" content="text/html; charset=UTF-8">
      <title>Unit Test Results.</title>
      <style type="text/css">
      body {
        font:normal 68% verdana,arial,helvetica;
        color:#000000;
      }
      table tr td, table tr th {
          font-size: 68%;
      }
      table.details tr th{
        font-weight: bold;
        text-align:left;
        background:#a6caf0;
      }
      table.details tr td{
        background:#eeeee0;
      }

      p {
        line-height:1.5em;
        margin-top:0.5em; margin-bottom:1.0em;
      }
      h1 {
        margin: 0px 0px 5px; font: 165% verdana,arial,helvetica
      }
      h2 {
        margin-top: 1em; margin-bottom: 0.5em; font: bold 125% verdana,arial,helvetica
      }
      h3 {
        margin-bottom: 0.5em; font: bold 115% verdana,arial,helvetica
      }
      h4 {
        margin-bottom: 0.5em; font: bold 100% verdana,arial,helvetica
      }
      h5 {
        margin-bottom: 0.5em; font: bold 100% verdana,arial,helvetica
      }
      h6 {
        margin-bottom: 0.5em; font: bold 100% verdana,arial,helvetica
      }
      .Failure {
        font-weight:bold; color:purple;
      }
      .Error {
        font-weight:bold; color:red;
      }
      .Properties {
        text-align:right;
      }
      </style><script type="text/javascript" language="JavaScript">
        var TestCases = new Array();
        var cur;
        </script><script type="text/javascript" language="JavaScript">
        function displayProperties (name) {
          var win = window.open('','JUnitSystemProperties','scrollbars=1,resizable=1');
          var doc = win.document;
          doc.open();
          doc.write("<html><head><title>Properties of " + name + "</title>");
          doc.write("<style>")
          doc.write("body {font:normal 68% verdana,arial,helvetica; color:#000000; }");
          doc.write("table tr td, table tr th { font-size: 68%; }");
          doc.write("table.properties { border-collapse:collapse; border-left:solid 1 #cccccc; border-top:solid 1 #cccccc; padding:5px; }");
          doc.write("table.properties th { text-align:left; border-right:solid 1 #cccccc; border-bottom:solid 1 #cccccc; background-color:#eeeeee; }");
          doc.write("table.properties td { font:normal; text-align:left; border-right:solid 1 #cccccc; border-bottom:solid 1 #cccccc; background-color:#fffffff; }");
          doc.write("h3 { margin-bottom: 0.5em; font: bold 115% verdana,arial,helvetica }");
          doc.write("</style>");
          doc.write("</head><body>");
          doc.write("<h3>Properties of " + name + "</h3>");
          doc.write("<div align=\"right\"><a href=\"javascript:window.close();\">Close</a></div>");
          doc.write("<table class='properties'>");
          doc.write("<tr><th>Name</th><th>Value</th></tr>");
          for (prop in TestCases[name]) {
            doc.write("<tr><th>" + prop + "</th><td>" + TestCases[name][prop] + "</td></tr>");
          }
          doc.write("</table>");
          doc.write("</body></html>");
          doc.close();
          win.focus();
        }
      
      </script></head>
   <body><a name="top"></a><h1>Unit Test Results.</h1>
      <table width="100%">
         <tr>
            <td align="left"></td>
            <td align="right">Designed for use with <a href="https://www.junit.org">JUnit</a> and <a href="https://ant.apache.org/ant">Ant</a>.</td>
         </tr>
      </table>
      <hr size="1">
      <h2>Summary</h2>
      <table class="details" border="0" cellpadding="5" cellspacing="2" width="95%">
         <tr valign="top">
            <th>Tests</th>
            <th>Failures</th>
            <th>Errors</th>
            <th>Skipped</th>
            <th>Success rate</th>
            <th>Time</th>
         </tr>
         <tr valign="top" class="Failure">
            <td>6</td>
            <td>1</td>
            <td>1</td>
            <td>1</td>
            <td>66.67%</td>
            <td>0.150</td>
         </tr>
      </table>
      <table border="0" width="95%">
         <tr>
            <td style="text-align: justify;">
               Note: <i>failures</i> are anticipated and checked for with assertions while <i>errors</i> are unanticipated.
               </td>
         </tr>
      </table>
      <hr size="1" width="95%" align="left">
      <h2>Packages</h2>
      Note: package statistics are not computed recursively, they only sum up all of its
      testsuites numbers.
      
      <table class="details" border="0" cellpadding="5" cellspacing="2" width="95%">
         <tr valign="top">
            <th width="80%">Name</th>
            <th>Tests</th>
            <th>Failures</th>
            <th>Errors</th>
            <th>Skipped</th>
            <th nowrap>Time(s)</th>
            <th nowrap>Time Stamp</th>
            <th>Host</th>
         </tr>
         <tr valign="top" class="Failure">
            <td><a href="#pkg">pkg</a></td>
            <td>6</td>
            <td>1</td>
            <td>1</td>
            <td>1</td>
            <td>0.150</td>
            <td>2023-02-28T12:00:00Z</td>
            <td></td>
         </tr>
      </table>
      <hr size="1" width="95%" align="left"><a name="pkg"></a><h3>Package pkg</h3>
      <table class="details" border="0" cellpadding="5" cellspacing="2" width="95%">
         <tr valign="top">
            <th width="80%">Name</th>
            <th>Tests</th>
            <th>Failures</th>
            <th>Errors</th>
            <th>Skipped</th>
            <th nowrap>Time(s)</th>
            <th nowrap>Time Stamp</th>
            <th>Host</th>
         </tr>
         <tr valign="top" class="Failure">
            <td><a href="#test1">test1</a></td>
            <td>3</td>
            <td>1</td>
            <td>0</td>
            <td>1</td>
            <td>0.050</td>
            <td>2023-02-28T12:00:00Z</td>
            <td></td>
         </tr>
         <tr valign="top" class="Error">
            <td><a href="#test2">test2</a></td>
            <td>2</td>
            <td>0</td>
            <td>1</td>
            <td>0</td>
            <td>0.050</td>
            <td>2023-02-28T12:00:00Z</td>
            <td></td>
         </tr>
         <tr valign="top" class="">
            <td><a href="#test3">test3</a></td>
            <td>1</td>
            <td>0</td>
            <td>0</td>
            <td>0</td>
            <td>0.050</td>
            <td>2023-02-28T12:00:00Z</td>
            <td></td>
         </tr>
      </table><a href="#top">Back to top</a><p></p>
      <p></p>
      <hr size="1" width="95%" align="left"><a name="test1"></a><h3>TestCase test1</h3>
      <table class="details" border="0" cellpadding="5" cellspacing="2" width="95%">
         <tr valign="top">
            <th>Name</th>
            <th>Status</th>
            <th width="80%">Type</th>
            <th nowrap>Time(s)</th>
         </tr>
         <tr valign="top" class="">
            <td>skipped</td>
            <td>Skipped</td>
            <td>N/A<code><br><br></code></td>
            <td>NaN</td>
         </tr>
         <tr valign="top" class="Error">
            <td>failed</td>
            <td>Failure</td>
            <td>N/A<code><br><br>failure</code></td>
            <td>NaN</td>
         </tr>
         <tr valign="top" class="">
            <td>succeeded</td>
            <td>Success</td>
            <td></td>
            <td>NaN</td>
         </tr>
         <tr valign="top">
            <td colspan="4">
               <details>
                  <summary style="cursor: pointer;">System.out&nbsp;»</summary>
                  <pre>stdout</pre>
               </details>
            </td>
         </tr>
         <tr valign="top">
            <td colspan="4">
               <details>
                  <summary style="cursor: pointer;">System.err&nbsp;»</summary>
                  <pre>stderr</pre>
               </details>
            </td>
         </tr>
      </table>
      <div class="Properties"><a href="javascript:displayProperties('pkg.test1');">
            Properties »
            </a></div>
      <div class="Properties">
         <details>
            <summary>System.out&nbsp;»</summary>
            <pre style="text-align: left;">stdout</pre>
         </details>
      </div>
      <div class="Properties">
         <details>
            <summary>System.err&nbsp;»</summary>
            <pre style="text-align: left;">stderr</pre>
         </details>
      </div>
      <p></p><a href="#top">Back to top</a><a name="test2"></a><h3>TestCase test2</h3>
      <table class="details" border="0" cellpadding="5" cellspacing="2" width="95%">
         <tr valign="top">
            <th>Name</th>
            <th>Status</th>
            <th width="80%">Type</th>
            <th nowrap>Time(s)</th>
         </tr>
         <tr valign="top" class="Error">
            <td>errored</td>
            <td>Error</td>
            <td>N/A<code><br><br>error</code></td>
            <td>NaN</td>
         </tr>
         <tr valign="top" class="">
            <td>succeeded</td>
            <td>Success</td>
            <td></td>
            <td>NaN</td>
         </tr>
         <tr valign="top">
            <td colspan="4">
               <details>
                  <summary style="cursor: pointer;">System.out&nbsp;»</summary>
                  <pre>stdout</pre>
               </details>
            </td>
         </tr>
         <tr valign="top">
            <td colspan="4">
               <details>
                  <summary style="cursor: pointer;">System.err&nbsp;»</summary>
                  <pre>stderr</pre>
               </details>
            </td>
         </tr>
      </table>
      <div class="Properties"><a href="javascript:displayProperties('pkg.test2');">
            Properties »
            </a></div>
      <p></p><a href="#top">Back to top</a><a name="test3"></a><h3>TestCase test3</h3>
      <table class="details" border="0" cellpadding="5" cellspacing="2" width="95%">
         <tr valign="top">
            <th>Name</th>
            <th>Status</th>
            <th width="80%">Type</th>
            <th nowrap>Time(s)</th>
         </tr>
         <tr valign="top" class="">
            <td>succeeded</td>
            <td>Success</td>
            <td></td>
            <td>NaN</td>
         </tr>
      </table>
      <div class="Properties"><a href="javascript:displayProperties('pkg.test3');">
            Properties »
            </a></div>
      <div class="Properties">
         <details>
            <summary>System.out&nbsp;»</summary>
            <pre style="text-align: left;">stdout</pre>
         </details>
      </div>
      <div class="Properties">
         <details>
            <summary>System.err&nbsp;»</summary>
            <pre style="text-align: left;">stderr</pre>
         </details>
      </div>
      <p></p><a href="#top">Back to top</a></body>
</html>