<!DOCTYPE html
  PUBLIC "-//W3C//DTD HTML 4.01 Transitional//EN">
<html>
   <body>
      <h4>Summary</h4>
      <table class="details" border="0" cellpadding="5" cellspacing="2" width="95%">
         <tr valign="top" align="left">
            <th>Tests</th>
            <th>Failures</th>
            <th>Errors</th>
            <th>Skipped</th>
         </tr>
         <tr valign="top" align="left">
            <td>6</td>
            <td>1</td>
            <td>1</td>
            <td>1</td>
         </tr>
      </table>
      <h4>Failures/Errors</h4>
      <table class="details" border="0" cellpadding="5" cellspacing="2" width="95%">
         <tr valign="top" align="left">
            <th>Package</th>
            <th>Test Suite</th>
            <th>Test Case</th>
            <th>Status</th>
         </tr>
         <tr valign="top" align="left">
            <td>pkg</td>
            <td>test2</td>
            <td>errored</td>
            <td>N/A
               <pre>error</pre>
            </td>
         </tr>
         <tr valign="top" align="left">
            <td>pkg</td>
            <td>test1</td>
            <td>failed</td>
            <td>N/A
               <pre>failure</pre>
            </td>
         </tr>
      </table>
   </body>
</html>